record EmptyInside {
    Tags: String[] // empty everywhere in this document; String is a placeholder
    Rows: String[][] // empty everywhere in this document; String is a placeholder
}

// Json.Load<EmptyInside>("empty_inside.json")?
//
// Choices:
//   $: record
//     record: 2.86 = keys read as field names 2.00 x 1.00 + few members 1.00 x 0.86
//     keyed table: 0.64 = values share a type 0.50 x 1.00 + many members 1.00 x 0.14
