// No declaration, so these do not load first_of_two_tags.json:
//   $ (line 1, column 1): a tagged array: "shape" says which members an object has (circle, square), and Json reads no enum that carries a payload
//
// Choices:
//   $: tagged array
//     table: 1.00 = members every object has 2.00 x 0.50
//     tagged array: 2.25 = objects have members the others lack 2.00 x 1.00 + the tag decides the members 0.50 x 0.50
