record table KeyedWithKeyColumn {
    RowKey: String
    Key: String
    N: Int
}

// Json.Load<KeyedWithKeyColumn>("keyed_with_key_column.json")?
//
// Choices:
//   $: keyed table
//     record: 0.86 = few members 1.00 x 0.86
//     keyed table: 2.64 = keys read as data 2.00 x 1.00 + values share a type 0.50 x 1.00 + many members 1.00 x 0.14
