concept KeysOutsideAsciiItem {
    X: Int
}

record table KeysOutsideAsciiItem2 {
    É: Int
}

concept État {
    Ouvert: Int
}

concept KeysOutsideAscii {
    Größe: Float
    NaïveWert: Bool
    名前: KeysOutsideAsciiItem
    ß: KeysOutsideAsciiItem2
    État: État
}

// Json.Load<KeysOutsideAscii>("keys_outside_ascii.json")?
//
// Choices:
//   $: record
//     record: 2.93 = keys read as field names 2.00 x 1.00 + values differ in type 0.50 x 1.00 + few members 1.00 x 0.43
//     keyed table: cannot be: its values do not share a type: a boolean here, and a number at $["größe"]
//   $["名前"]: record
//     record: 3.00 = keys read as field names 2.00 x 1.00 + few members 1.00 x 1.00
//     keyed table: 0.50 = values share a type 0.50 x 1.00
//   $["ß"]: table
//     table: 4.00 = members every object has 2.00 x 1.00 + objects differ only by members left out 2.00 x 1.00
//     tagged array: cannot be: every object has the same members
//   $["état"]: record
//     record: 3.00 = keys read as field names 2.00 x 1.00 + few members 1.00 x 1.00
//     keyed table: 0.50 = values share a type 0.50 x 1.00
