record ManyMembersThatAreNames {
    Alice: Int
    Bob: Int
    Carol: Int
    Dave: Int
    Erin: Int
    Frank: Int
    Grace: Int
    Heidi: Int
    Ivan: Int
}

// Json.Load<ManyMembersThatAreNames>("many_members_that_are_names.json")?
//
// Choices:
//   $: record
//     record: 2.00 = keys read as field names 2.00 x 1.00
//     keyed table: 1.50 = values share a type 0.50 x 1.00 + many members 1.00 x 1.00
