record Meta {
    X: Int
}

record table MembersAfterAnObject {
    Kind: String
    Meta: Meta
    Extra: Option<Int>
}

// Json.Load<MembersAfterAnObject>("members_after_an_object.json")?
//
// Choices:
//   $: table
//     table: 3.33 = members every object has 2.00 x 0.67 + objects differ only by members left out 2.00 x 1.00
//     tagged array: 1.25 = a member named like a tag 1.00 x 1.00 + the tag decides the members 0.50 x 0.50
