record Point {
    X: Int
}

record BPoint {
    Z: Int
}

record Point2 {
    Y: Int
}

record B {
    Point: Point2
}

record NameNeedsANumber {
    Point: Point
    BPoint: BPoint
    B: B
}

// Json.Load<NameNeedsANumber>("name_needs_a_number.json")?
//
// Choices:
//   $: record
//     record: 2.71 = keys read as field names 2.00 x 1.00 + few members 1.00 x 0.71
//     keyed table: 0.79 = values share a type 0.50 x 1.00 + many members 1.00 x 0.29
//   $.point: record
//     record: 3.00 = keys read as field names 2.00 x 1.00 + few members 1.00 x 1.00
//     keyed table: 0.50 = values share a type 0.50 x 1.00
//   $.b_point: record
//     record: 3.00 = keys read as field names 2.00 x 1.00 + few members 1.00 x 1.00
//     keyed table: 0.50 = values share a type 0.50 x 1.00
//   $.b: record
//     record: 3.00 = keys read as field names 2.00 x 1.00 + few members 1.00 x 1.00
//     keyed table: 0.50 = values share a type 0.50 x 1.00
//   $.b.point: record
//     record: 3.00 = keys read as field names 2.00 x 1.00 + few members 1.00 x 1.00
//     keyed table: 0.50 = values share a type 0.50 x 1.00
